
> am2pm-crm@0.1.0 dev
> next dev

▲ Next.js 16.3.8 (Turbopack)
- Local:         http://localhost:3001
- Network:       http://10.122.36.190:3001
- Environments: .env.local, .env
✓ Ready in 475ms
✓ Running next.config.ts took 42ms

 GET /login 200 in 493ms (next.js: 256ms, application-code: 237ms)
 POST /api/auth/login 200 in 2.3s (next.js: 106ms, application-code: 2.2s)
 GET /console 200 in 737ms (next.js: 73ms, application-code: 664ms)
 GET /console 200 in 1496ms (next.js: 3ms, application-code: 1493ms)
 GET /leads?status=all 200 in 1906ms (next.js: 46ms, application-code: 1860ms)
 POST /leads?status=all 200 in 635ms (next.js: 1.9ms, application-code: 633ms)
  └─ ƒ notificationsAction() in 604ms app/(app)/shell-actions.ts
 GET /leads?status=all 200 in 865ms (next.js: 3ms, application-code: 862ms)
 POST /leads?status=all 200 in 622ms (next.js: 2ms, application-code: 620ms)
  └─ ƒ notificationsAction() in 614ms app/(app)/shell-actions.ts
 GET /leads?status=all 200 in 931ms (next.js: 3ms, application-code: 928ms)
 POST /leads?status=all 200 in 629ms (next.js: 3ms, application-code: 626ms)
  └─ ƒ notificationsAction() in 617ms app/(app)/shell-actions.ts
 GET /login 200 in 60ms (next.js: 6ms, application-code: 54ms)
 POST /api/auth/login 200 in 2.1s (next.js: 2ms, application-code: 2.1s)
 GET /console 200 in 745ms (next.js: 4ms, application-code: 741ms)
 GET /console 200 in 1497ms (next.js: 3ms, application-code: 1494ms)
 GET /calls?range=all 200 in 2.5s (next.js: 532ms, application-code: 1985ms)
 POST /calls?range=all 200 in 530ms (next.js: 3ms, application-code: 527ms)
  └─ ƒ notificationsAction() in 521ms app/(app)/shell-actions.ts
 GET /calls?range=all 200 in 792ms (next.js: 1.9ms, application-code: 790ms)
 POST /calls?range=all 200 in 775ms (next.js: 2ms, application-code: 773ms)
  └─ ƒ notificationsAction() in 766ms app/(app)/shell-actions.ts
 GET /calls?range=all 200 in 726ms (next.js: 2ms, application-code: 723ms)
 POST /calls?range=all 200 in 486ms (next.js: 1.8ms, application-code: 484ms)
  └─ ƒ notificationsAction() in 479ms app/(app)/shell-actions.ts
 GET /login 200 in 140ms (next.js: 24ms, application-code: 117ms)
 POST /api/auth/login 200 in 1615ms (next.js: 5ms, application-code: 1610ms)
 GET /console 200 in 232ms (next.js: 4ms, application-code: 228ms)
 GET /console 200 in 975ms (next.js: 10ms, application-code: 964ms)
 GET /console 200 in 2.1s (next.js: 3ms, application-code: 2.1s)
 POST /console 200 in 388ms (next.js: 2ms, application-code: 386ms)
  └─ ƒ processOwnersAction("73dbfe0e-e7e7-4298-bb58-f12beb6dd844") in 376ms app/(app)/console/actions.ts
 POST /console 200 in 373ms (next.js: 2ms, application-code: 370ms)
  └─ ƒ processOwnersAction("73dbfe0e-e7e7-4298-bb58-f12beb6dd844") in 365ms app/(app)/console/actions.ts
 POST /console 200 in 485ms (next.js: 2ms, application-code: 482ms)
  └─ ƒ notificationsAction() in 476ms app/(app)/shell-actions.ts
 GET /console 200 in 632ms (next.js: 3ms, application-code: 629ms)
 POST /console 200 in 389ms (next.js: 3ms, application-code: 386ms)
  └─ ƒ processOwnersAction("73dbfe0e-e7e7-4298-bb58-f12beb6dd844") in 381ms app/(app)/console/actions.ts
 POST /console 200 in 381ms (next.js: 1.5ms, application-code: 380ms)
  └─ ƒ processOwnersAction("73dbfe0e-e7e7-4298-bb58-f12beb6dd844") in 374ms app/(app)/console/actions.ts
 POST /console 200 in 468ms (next.js: 1.7ms, application-code: 466ms)
  └─ ƒ notificationsAction() in 461ms app/(app)/shell-actions.ts
 GET /console 200 in 667ms (next.js: 3ms, application-code: 664ms)
 POST /console 200 in 425ms (next.js: 5ms, application-code: 421ms)
  └─ ƒ processOwnersAction("73dbfe0e-e7e7-4298-bb58-f12beb6dd844") in 376ms app/(app)/console/actions.ts
 POST /console 200 in 389ms (next.js: 1.9ms, application-code: 387ms)
  └─ ƒ processOwnersAction("73dbfe0e-e7e7-4298-bb58-f12beb6dd844") in 381ms app/(app)/console/actions.ts
 POST /console 200 in 485ms (next.js: 2ms, application-code: 483ms)
  └─ ƒ notificationsAction() in 477ms app/(app)/shell-actions.ts
 GET /console 200 in 650ms (next.js: 2ms, application-code: 648ms)
 POST /console 200 in 425ms (next.js: 23ms, application-code: 401ms)
  └─ ƒ processOwnersAction("73dbfe0e-e7e7-4298-bb58-f12beb6dd844") in 387ms app/(app)/console/actions.ts
 POST /console 200 in 372ms (next.js: 1.9ms, application-code: 370ms)
  └─ ƒ processOwnersAction("73dbfe0e-e7e7-4298-bb58-f12beb6dd844") in 366ms app/(app)/console/actions.ts
 POST /console 200 in 469ms (next.js: 3ms, application-code: 466ms)
  └─ ƒ notificationsAction() in 458ms app/(app)/shell-actions.ts
 GET /console 200 in 658ms (next.js: 3ms, application-code: 654ms)
 POST /console 200 in 411ms (next.js: 13ms, application-code: 399ms)
  └─ ƒ processOwnersAction("73dbfe0e-e7e7-4298-bb58-f12beb6dd844") in 390ms app/(app)/console/actions.ts
 POST /console 200 in 378ms (next.js: 3ms, application-code: 375ms)
  └─ ƒ processOwnersAction("73dbfe0e-e7e7-4298-bb58-f12beb6dd844") in 369ms app/(app)/console/actions.ts
 POST /console 200 in 497ms (next.js: 2ms, application-code: 495ms)
  └─ ƒ notificationsAction() in 489ms app/(app)/shell-actions.ts
 GET /login 200 in 87ms (next.js: 21ms, application-code: 66ms)
 POST /api/auth/login 401 in 1456ms (next.js: 3ms, application-code: 1453ms)
 GET /login 200 in 58ms (next.js: 5ms, application-code: 53ms)
 POST /api/auth/login 401 in 1071ms (next.js: 1.8ms, application-code: 1069ms)
 POST /api/auth/login 401 in 1476ms (next.js: 2ms, application-code: 1474ms)
 GET /login 200 in 69ms (next.js: 5ms, application-code: 63ms)
 POST /api/auth/login 200 in 1656ms (next.js: 1.8ms, application-code: 1654ms)
 GET /console 200 in 644ms (next.js: 8ms, application-code: 635ms)
 GET /console 200 in 1277ms (next.js: 3ms, application-code: 1274ms)
 GET /calls?range=all&recording=yes 200 in 2.0s (next.js: 7ms, application-code: 2.0s)
 POST /calls?range=all&recording=yes 200 in 506ms (next.js: 3ms, application-code: 503ms)
  └─ ƒ notificationsAction() in 497ms app/(app)/shell-actions.ts
 GET /console?lead=2ade07e6-e734-4893-bf77-39d6534c7571 200 in 717ms (next.js: 2ms, application-code: 714ms)
 POST /console?lead=2ade07e6-e734-4893-bf77-39d6534c7571 200 in 402ms (next.js: 1.8ms, application-code: 400ms)
  └─ ƒ processOwnersAction("73dbfe0e-e7e7-4298-bb58-f12beb6dd844") in 394ms app/(app)/console/actions.ts
 POST /console?lead=2ade07e6-e734-4893-bf77-39d6534c7571 200 in 495ms (next.js: 1.8ms, application-code: 494ms)
  └─ ƒ processOwnersAction("73dbfe0e-e7e7-4298-bb58-f12beb6dd844") in 489ms app/(app)/console/actions.ts
 POST /console?lead=2ade07e6-e734-4893-bf77-39d6534c7571 200 in 522ms (next.js: 1.7ms, application-code: 521ms)
  └─ ƒ notificationsAction() in 517ms app/(app)/shell-actions.ts
 GET /login 200 in 45ms (next.js: 2ms, application-code: 43ms)
 POST /api/auth/login 200 in 814ms (next.js: 4ms, application-code: 810ms)
 GET /console 200 in 653ms (next.js: 3ms, application-code: 650ms)
 GET /console 200 in 1217ms (next.js: 3ms, application-code: 1213ms)
 GET /calls?range=all&recording=yes 200 in 1377ms (next.js: 3ms, application-code: 1374ms)
 POST /calls?range=all&recording=yes 200 in 474ms (next.js: 1.8ms, application-code: 472ms)
  └─ ƒ notificationsAction() in 467ms app/(app)/shell-actions.ts
 GET /console?lead=2ade07e6-e734-4893-bf77-39d6534c7571 200 in 671ms (next.js: 2ms, application-code: 669ms)
 POST /console?lead=2ade07e6-e734-4893-bf77-39d6534c7571 200 in 370ms (next.js: 1.8ms, application-code: 368ms)
  └─ ƒ processOwnersAction("73dbfe0e-e7e7-4298-bb58-f12beb6dd844") in 363ms app/(app)/console/actions.ts
 POST /console?lead=2ade07e6-e734-4893-bf77-39d6534c7571 200 in 377ms (next.js: 2.0ms, application-code: 375ms)
  └─ ƒ processOwnersAction("73dbfe0e-e7e7-4298-bb58-f12beb6dd844") in 371ms app/(app)/console/actions.ts
 POST /console?lead=2ade07e6-e734-4893-bf77-39d6534c7571 200 in 482ms (next.js: 1.8ms, application-code: 480ms)
  └─ ƒ notificationsAction() in 476ms app/(app)/shell-actions.ts
 GET /login 200 in 68ms (next.js: 6ms, application-code: 62ms)
 POST /api/auth/login 200 in 1980ms (next.js: 2ms, application-code: 1978ms)
 GET /console 200 in 1080ms (next.js: 8ms, application-code: 1072ms)
 GET /console 200 in 1277ms (next.js: 1.9ms, application-code: 1275ms)
 GET /leads?status=all 200 in 1726ms (next.js: 6ms, application-code: 1720ms)
 POST /leads?status=all 200 in 504ms (next.js: 1.6ms, application-code: 502ms)
  └─ ƒ notificationsAction() in 496ms app/(app)/shell-actions.ts
 GET /leads?status=all&process=73dbfe0e-e7e7-4298-bb58-f12beb6dd844 200 in 703ms (next.js: 2ms, application-code: 701ms)
 GET /leads?status=all&view=board&limit=25 200 in 754ms (next.js: 2ms, application-code: 752ms)
 POST /leads?status=all&view=board&limit=25 200 in 496ms (next.js: 2ms, application-code: 493ms)
  └─ ƒ notificationsAction() in 488ms app/(app)/shell-actions.ts
 GET /console 200 in 711ms (next.js: 2ms, application-code: 709ms)
 POST /console 200 in 404ms (next.js: 1.8ms, application-code: 402ms)
  └─ ƒ processOwnersAction("73dbfe0e-e7e7-4298-bb58-f12beb6dd844") in 392ms app/(app)/console/actions.ts
 POST /console 200 in 399ms (next.js: 1.4ms, application-code: 397ms)
  └─ ƒ processOwnersAction("73dbfe0e-e7e7-4298-bb58-f12beb6dd844") in 392ms app/(app)/console/actions.ts
 POST /console 200 in 505ms (next.js: 1.8ms, application-code: 503ms)
  └─ ƒ notificationsAction() in 498ms app/(app)/shell-actions.ts
 POST /console 200 in 508ms (next.js: 4ms, application-code: 503ms)
  └─ ƒ queueAction(["73dbfe0e-e7e7-4298-bb58-f12beb6dd844"]) in 493ms app/(app)/console/actions.ts
 GET /login 200 in 79ms (next.js: 12ms, application-code: 66ms)
 POST /api/auth/login 200 in 2.0s (next.js: 3ms, application-code: 2.0s)
 GET /console 200 in 1817ms (next.js: 1.8ms, application-code: 1815ms)
 GET /console 200 in 1979ms (next.js: 18ms, application-code: 1962ms)
 GET /leads?status=all 200 in 2.1s (next.js: 6ms, application-code: 2.1s)
 POST /leads?status=all 200 in 538ms (next.js: 2ms, application-code: 536ms)
  └─ ƒ notificationsAction() in 529ms app/(app)/shell-actions.ts
 GET /leads?status=all&flag=has_email 200 in 961ms (next.js: 2ms, application-code: 958ms)
 GET /console 200 in 1082ms (next.js: 2.0ms, application-code: 1080ms)
 POST /console 200 in 428ms (next.js: 2ms, application-code: 426ms)
  └─ ƒ processOwnersAction("73dbfe0e-e7e7-4298-bb58-f12beb6dd844") in 419ms app/(app)/console/actions.ts
 POST /console 200 in 433ms (next.js: 1.8ms, application-code: 432ms)
  └─ ƒ processOwnersAction("73dbfe0e-e7e7-4298-bb58-f12beb6dd844") in 427ms app/(app)/console/actions.ts
 POST /console 200 in 545ms (next.js: 1.6ms, application-code: 544ms)
  └─ ƒ notificationsAction() in 538ms app/(app)/shell-actions.ts
 POST /console 200 in 550ms (next.js: 1.7ms, application-code: 549ms)
  └─ ƒ queueAction({"flag":"not_called"}) in 544ms app/(app)/console/actions.ts
 POST /console 200 in 557ms (next.js: 2ms, application-code: 555ms)
  └─ ƒ queueAction({}) in 547ms app/(app)/console/actions.ts
